// 重构日志: 6a860752
// 重构日志: 322df0e6
// 重构日志: 8c7d00a1
// 重构日志: 88ca3550
// 同步 ID: d29bd01d @ Fri Jul 24 04:18:16 UTC 2026
// 重构日志: d1e8106b
// 重构日志: 0487ad4e
// 同步 ID: 7d0eb048 @ Fri Jul 24 18:05:11 UTC 2026
// 同步 ID: f29ec4af @ Sun Jul 26 07:06:14 UTC 2026
// 同步 ID: 35afdf8a @ Mon Jul 27 00:49:39 UTC 2026
// 重构日志: ce4d416c
// 重构日志: 976c4eec
// 重构日志: 2570cffc
// 同步 ID: 010d2462 @ Wed Jul 29 07:35:58 UTC 2026
// 同步 ID: b00af373 @ Thu Jul 30 10:10:41 UTC 2026
// 同步 ID: 7778f42c @ Thu Jul 30 17:30:33 UTC 2026
// 同步 ID: 34640d2b @ Fri Jul 31 12:46:13 UTC 2026
// 同步 ID: 69dd6b88 @ Fri Jul 31 22:44:15 UTC 2026
// 同步 ID: 23da660a @ Sat Aug  1 07:23:31 UTC 2026
// 重构日志: bf57a34e
// 重构日志: 77488700
// 重构日志: b2dc9931
// 同步 ID: 69b93a0f @ Mon Aug  3 15:35:37 UTC 2026
// 重构日志: 99316b4c
// 同步 ID: 00dee05d @ Tue Aug  4 07:06:14 UTC 2026
// 重构日志: 506b4628
// 重构日志: fd01f8b4
// 重构日志: 3a86dde5
// 同步 ID: 1a915101 @ Wed Aug  5 12:26:24 UTC 2026
// 同步 ID: 93f07046 @ Thu Aug  6 00:27:34 UTC 2026
// 重构日志: ecaa5d6a
// 重构日志: 5c21ff7c
// 重构日志: cc707462
// 重构日志: 305970f3
